// Jest Snapshot v1, https://goo.gl/fbAQLP

exports[`renders the UI as expected 1`] = `
<ul>
  <li
    id={0}
  >
    <button
      onClick={[Function]}
    >
      Section 1
    </button>
  </li>
  <li
    id={1}
  >
    <button
      onClick={[Function]}
    >
      Section 2
    </button>
  </li>
  <li
    id={2}
  >
    <button
      onClick={[Function]}
    >
      Section 3
    </button>
  </li>
</ul>
`;
